[[signing-key]]
=== signing-key.pgp

Some packages are signed by the GPG key.

For example, http://www.gnu.org/software/hello/[GNU hello] can be downloaded via HTTP from http://ftp.gnu.org/gnu/hello/ .  There are sets of files:

* *hello-*'version'*.tar.gz* (upstream source)
* *hello-*'version'*.tar.gz.sig* (detached signature)

Let's pick the latest version set.

----
$ wget http://ftp.gnu.org/gnu/hello/hello-2.9.tar.gz
 ...
$ wget http://ftp.gnu.org/gnu/hello/hello-2.9.tar.gz.sig
 ...
$ gpg --verify hello-2.9.tar.gz.sig
gpg: Signature made Thu 10 Oct 2013 08:49:23 AM JST using DSA key ID 80EE4A00
gpg: Can't check signature: public key not found
----

If you know the public GPG key of the upstream from the mailing list, use it as the *debian/upstream/signing-key.pgp* file.  Otherwise, use the hkp keyserver and check it via your http://en.wikipedia.org/wiki/Web_of_trust[web of trust].

----
$ gpg --keyserver hkp://keyserver.ubuntu.com:80 --recv-key 80EE4A00
gpg: requesting key 80EE4A00 from hkp server keyserver.ubuntu.com
gpg: key 80EE4A00: public key "Reuben Thomas <rrt@sc3d.org>" imported
gpg: no ultimately trusted keys found
gpg: Total number processed: 1
gpg:               imported: 1
$ gpg --verify hello-2.9.tar.gz.sig
gpg: Signature made Thu 10 Oct 2013 08:49:23 AM JST using DSA key ID 80EE4A00
gpg: Good signature from "Reuben Thomas <rrt@sc3d.org>"
  ...
Primary key fingerprint: 9297 8852 A62F A5E2 85B2  A174 6808 9F73 80EE 4A00
----

TIP:  Here "*hkp://keyserver.ubuntu.com:80*" is used to avoid the firewall policy blocking HPK port *11371*.

After confirming the key ID *80EE4A00* is trust worthy one, download its public key into the *debian/upstream/signing-key.pgp* file.

----
$ gpg --armor --export 80EE4A00 >debian/upstream/signing-key.pgp
----

Then set the corresponding *debian/watch* file as follows.

----
version=3
pgpsigurlmangle=s/$/.sig/  http://ftp.gnu.org/gnu/hello/ hello-(\d[\d.]*)\.tar\.(?:gz|bz2|xz)
----

Now the *uscan* command will check the authenticity of the package using the GPG signature.
